// Jest Snapshot v1, https://goo.gl/fbAQLP

exports[`UserTable should render UserTable 1`] = `
<div>
  <table
    class="table table-condensed"
  >
    <thead>
      <tr>
        <th>
          #
        </th>
        <th>
          First Name
        </th>
      </tr>
    </thead>
    <tbody>
      <tr>
        <th
          scope="row"
        >
          0
        </th>
        <td>
          test1
        </td>
        <td>
          <button
            type="button"
          >
            Make ReadWrite
          </button>
        </td>
        <td>
          <button
            type="button"
          >
            Delete
          </button>
        </td>
      </tr>
      <tr>
        <th
          scope="row"
        >
          1
        </th>
        <td>
          test2
        </td>
        <td>
          <button
            type="button"
          >
            Make ReadWrite
          </button>
        </td>
        <td>
          <button
            type="button"
          >
            Delete
          </button>
        </td>
      </tr>
    </tbody>
  </table>
</div>
`;
